2026-09-15 05:58:22,505 [INFO] (/app/src/generated/opencode/environment/java.py:33) Using system JDK at /usr/lib/jvm/java-17-openjdk-amd64
2026-09-15 05:58:22,511 [INFO] (/app/src/generated/opencode/runtime/oss.py:724) Downloading source from OSS: 9e990bca-a4b6-4e01-aa50-737dc15765af/4b2a07c1-62e9-4806-85a5-20a7324d9533/0/src.tar.xz
2026-09-15 05:58:22,654 [INFO] (/app/src/generated/opencode/runtime/oss.py:734) Extracting source to /app/build/forge-1.20.1-mdk
2026-09-15 05:58:22,675 [INFO] (/app/src/generated/opencode/runtime/oss.py:740) Source download and extraction complete
2026-09-15 05:58:22,677 [INFO] (/app/src/opencode/environment/resume.py:80) Restored mod source at /app/build/forge-1.20.1-mdk
2026-09-15 05:58:22,683 [INFO] (/app/src/opencode/environment/resume.py:90) Cleaned stale directory: src/main/java/com/example/examplemod
2026-09-15 05:58:22,684 [INFO] (/app/src/opencode/environment/resume.py:90) Cleaned stale directory: src/main/resources/assets/examplemod
2026-09-15 05:58:22,705 [INFO] (/app/src/opencode/environment/resume.py:90) Cleaned stale directory: build
2026-09-15 05:58:22,705 [INFO] (/app/src/opencode/environment/resume.py:39) Restored MOD_ID from gradle.properties: ae2_infinity_crafter_1789448946
2026-09-15 05:58:22,705 [INFO] (/app/src/opencode/environment/minecraft.py:133) mc-src already exists at /app/build/forge-1.20.1-mdk/mc-src
2026-09-15 05:58:22,705 [INFO] (/app/src/opencode/environment/minecraft.py:133) mc-src already exists at /app/build/forge-1.20.1-mdk/mc-src
2026-09-15 05:58:22,705 [INFO] (/app/src/opencode/environment/minecraft.py:111) Downloading skill.zip from https://autoforge-assets.oss-cn-shanghai-internal.aliyuncs.com/targets/forge-1.20.1/skill.zip
2026-09-15 05:58:22,705 [INFO] (/app/src/opencode/environment/minecraft.py:111) Downloading skill.zip from https://autoforge-assets.oss-cn-shanghai-internal.aliyuncs.com/targets/forge-1.20.1/skill.zip
2026-09-15 05:58:22,848 [INFO] (/app/src/opencode/environment/minecraft.py:179) Extracting skills from /app/build/skill-forge-1.20.1.zip to /app/build/forge-1.20.1-mdk
2026-09-15 05:58:22,848 [INFO] (/app/src/opencode/environment/minecraft.py:179) Extracting skills from /app/build/skill-forge-1.20.1.zip to /app/build/forge-1.20.1-mdk
2026-09-15 05:58:22,862 [INFO] (/app/src/opencode/environment/minecraft.py:183) Skills installed at /app/build/forge-1.20.1-mdk/.opencode/skills
2026-09-15 05:58:22,862 [INFO] (/app/src/opencode/environment/minecraft.py:183) Skills installed at /app/build/forge-1.20.1-mdk/.opencode/skills
2026-09-15 05:58:23,133 [INFO] (/app/src/opencode/environment/base_mods.py:2155) base-mod jar OSS cache HIT: maven.modrinth:ae2:7KVs6HMQ
2026-09-15 05:58:23,133 [INFO] (/app/src/opencode/environment/base_mods.py:2155) base-mod jar OSS cache HIT: maven.modrinth:ae2:7KVs6HMQ
2026-09-15 05:58:29,587 [INFO] (/app/src/opencode/environment/base_mods.py:1541) Decompiled 2 data loader(s) for ae2 → /app/build/forge-1.20.1-mdk/base-mod-api/ae2-loaders
2026-09-15 05:58:29,587 [INFO] (/app/src/opencode/environment/base_mods.py:1541) Decompiled 2 data loader(s) for ae2 → /app/build/forge-1.20.1-mdk/base-mod-api/ae2-loaders
2026-09-15 05:58:29,608 [INFO] (/app/src/opencode/environment/base_mods.py:1225) Wrote base-mod API reference: /app/build/forge-1.20.1-mdk/base-mod-api/ae2.md (253112 chars; api-package dump: 250111 chars; data-contract: 1471 chars; wiki: 0 page(s); data-loaders: 2 decompiled)
2026-09-15 05:58:29,608 [INFO] (/app/src/opencode/environment/base_mods.py:1225) Wrote base-mod API reference: /app/build/forge-1.20.1-mdk/base-mod-api/ae2.md (253112 chars; api-package dump: 250111 chars; data-contract: 1471 chars; wiki: 0 page(s); data-loaders: 2 decompiled)
2026-09-15 05:58:29,883 [INFO] (/app/src/opencode/environment/base_mods.py:2155) base-mod jar OSS cache HIT: maven.modrinth:guideme:i7Tp1AHw
2026-09-15 05:58:29,883 [INFO] (/app/src/opencode/environment/base_mods.py:2155) base-mod jar OSS cache HIT: maven.modrinth:guideme:i7Tp1AHw
2026-09-15 05:58:35,649 [INFO] (/app/src/opencode/environment/base_mods.py:1541) Decompiled 3 data loader(s) for guideme → /app/build/forge-1.20.1-mdk/base-mod-api/deps/guideme-loaders
2026-09-15 05:58:35,649 [INFO] (/app/src/opencode/environment/base_mods.py:1541) Decompiled 3 data loader(s) for guideme → /app/build/forge-1.20.1-mdk/base-mod-api/deps/guideme-loaders
2026-09-15 05:58:35,669 [INFO] (/app/src/opencode/environment/base_mods.py:1225) Wrote base-mod API reference: /app/build/forge-1.20.1-mdk/base-mod-api/deps/guideme.md (1432 chars; api-package dump: 0 chars; data-contract: 0 chars; wiki: 0 page(s); data-loaders: 3 decompiled)
2026-09-15 05:58:35,669 [INFO] (/app/src/opencode/environment/base_mods.py:1225) Wrote base-mod API reference: /app/build/forge-1.20.1-mdk/base-mod-api/deps/guideme.md (1432 chars; api-package dump: 0 chars; data-contract: 0 chars; wiki: 0 page(s); data-loaders: 3 decompiled)
2026-09-15 05:58:35,690 [INFO] (/app/src/opencode/environment/base_mods.py:573) Wrote /app/build/forge-1.20.1-mdk/base-mod-api/lookup
2026-09-15 05:58:35,690 [INFO] (/app/src/opencode/environment/base_mods.py:573) Wrote /app/build/forge-1.20.1-mdk/base-mod-api/lookup
2026-09-15 05:58:35,690 [INFO] (/app/src/opencode/environment/base_mods.py:1776) Wrote /app/build/forge-1.20.1-mdk/base-mod-api/decompile
2026-09-15 05:58:35,690 [INFO] (/app/src/opencode/environment/base_mods.py:1776) Wrote /app/build/forge-1.20.1-mdk/base-mod-api/decompile
2026-09-15 05:58:35,690 [INFO] (/app/src/opencode/environment/base_mods.py:643) Wrote /app/build/forge-1.20.1-mdk/base-mod-api/classes
2026-09-15 05:58:35,690 [INFO] (/app/src/opencode/environment/base_mods.py:643) Wrote /app/build/forge-1.20.1-mdk/base-mod-api/classes
2026-09-15 05:58:35,690 [INFO] (/app/src/opencode/environment/base_mods.py:1896) Wrote /app/build/forge-1.20.1-mdk/base-mod-api/data
2026-09-15 05:58:35,690 [INFO] (/app/src/opencode/environment/base_mods.py:1896) Wrote /app/build/forge-1.20.1-mdk/base-mod-api/data
2026-09-15 05:58:35,691 [INFO] (/app/src/opencode/environment/base_mods.py:2007) Wrote /app/build/forge-1.20.1-mdk/base-mod-api/registry
2026-09-15 05:58:35,691 [INFO] (/app/src/opencode/environment/base_mods.py:2007) Wrote /app/build/forge-1.20.1-mdk/base-mod-api/registry
2026-09-15 05:58:35,691 [INFO] (/app/src/opencode/environment/nbt_tool.py:116) Wrote /app/build/forge-1.20.1-mdk/nbt
2026-09-15 05:58:35,691 [INFO] (/app/src/opencode/environment/nbt_tool.py:116) Wrote /app/build/forge-1.20.1-mdk/nbt
2026-09-15 05:58:35,691 [INFO] (/app/src/opencode/environment/minecraft.py:311) OpenCode config installed (opencode.json + INSTRUCTIONS.md)
2026-09-15 05:58:35,691 [INFO] (/app/src/opencode/environment/minecraft.py:311) OpenCode config installed (opencode.json + INSTRUCTIONS.md)
2026-09-15 05:58:35,692 [INFO] (/app/src/opencode/environment/environment.py:90) replaced: /app/build/forge-1.20.1-mdk/gradle.properties
2026-09-15 05:58:35,692 [INFO] (/app/src/opencode/environment/environment.py:90) replaced: /app/build/forge-1.20.1-mdk/gradle.properties
2026-09-15 05:58:35,869 [INFO] (/app/src/opencode/environment/base_mods.py:288) Rewrote 2 base-mod dependency(ies) in build.gradle via `modImplementation`: ['maven.modrinth:ae2:7KVs6HMQ', 'maven.modrinth:guideme:i7Tp1AHw']
2026-09-15 05:58:35,869 [INFO] (/app/src/opencode/environment/base_mods.py:288) Rewrote 2 base-mod dependency(ies) in build.gradle via `modImplementation`: ['maven.modrinth:ae2:7KVs6HMQ', 'maven.modrinth:guideme:i7Tp1AHw']
2026-09-15 05:58:35,870 [INFO] (/app/src/opencode/loaders/moddev.py:193) Declared 1 addon dependency(ies) in mods.toml: ['ae2']
2026-09-15 05:58:35,870 [INFO] (/app/src/opencode/loaders/moddev.py:193) Declared 1 addon dependency(ies) in mods.toml: ['ae2']
2026-09-15 05:58:36,086 [INFO] (/app/src/opencode/environment/base_mods.py:2155) base-mod jar OSS cache HIT: maven.modrinth:ae2:7KVs6HMQ
2026-09-15 05:58:36,086 [INFO] (/app/src/opencode/environment/base_mods.py:2155) base-mod jar OSS cache HIT: maven.modrinth:ae2:7KVs6HMQ
2026-09-15 05:58:36,258 [INFO] (/app/src/opencode/environment/base_mods.py:2155) base-mod jar OSS cache HIT: maven.modrinth:guideme:i7Tp1AHw
2026-09-15 05:58:36,258 [INFO] (/app/src/opencode/environment/base_mods.py:2155) base-mod jar OSS cache HIT: maven.modrinth:guideme:i7Tp1AHw
2026-09-15 05:58:36,259 [INFO] (/app/src/opencode/environment/base_mods.py:2203) Local base-mod maven repo: 2/2 jar(s) ready at /app/build/forge-1.20.1-mdk/.oss-basemod-repo
2026-09-15 05:58:36,259 [INFO] (/app/src/opencode/environment/base_mods.py:2203) Local base-mod maven repo: 2/2 jar(s) ready at /app/build/forge-1.20.1-mdk/.oss-basemod-repo
2026-09-15 05:58:36,259 [INFO] (/app/src/opencode/environment/resume.py:171) Initializing Gradle dependencies...
2026-09-15 05:58:36,259 [INFO] (/app/src/opencode/environment/resume.py:171) Initializing Gradle dependencies...
